// Jest Snapshot v1, https://goo.gl/fbAQLP

exports[`My Connected React-Redux Component should render with given state from Redux store 1`] = `
<div
  className="card card"
  style={
    Object {
      "width": "18rem",
    }
  }
>
      <img
        className="card-img-top"
      />

  <div
    className="card-body"
  >
  <div
    className="tile card-title h5"
  >


  </div>
  <div 
    className="mb-2 text-muted card-subtitle h6"
  >


  </div>
  <p
    className="text card-text"
  />
  <a
    href=""
    onClick={[Function]}
  >
  <button
    className="button btn btn-danger"
    disabled={false}
    type="button"
  >

    More Information 
          
  </button>
 </a>
</div>
</div>
`;
